    Checking bitflags v2.13.0
    Checking libm v0.2.16
    Checking arrayvec v0.7.8
    Checking smallvec v1.15.2
   Compiling syn v2.0.119
    Checking foldhash v0.2.0
    Checking log v0.4.33
    Checking objc2-encode v4.1.0
    Checking equivalent v1.0.2
    Checking pin-project-lite v0.2.17
    Checking raw-window-handle v0.6.2
    Checking constant_time_eq v0.4.2
    Checking arrayref v0.3.9
    Checking objc-sys v0.3.5
    Checking core-foundation-sys v0.8.7
    Checking hashbrown v0.17.1
    Checking hashbrown v0.16.1
    Checking objc2 v0.6.4
    Checking dispatch v0.2.0
    Checking blake3 v1.8.5
    Checking objc2 v0.5.2
    Checking parking_lot_core v0.9.12
    Checking rustc-hash v1.1.0
    Checking bitflags v1.3.2
    Checking core-foundation v0.9.4
    Checking foreign-types-shared v0.3.1
    Checking static_assertions v1.1.0
    Checking parking_lot v0.12.5
    Checking bit-vec v0.9.1
    Checking tracing-core v0.1.36
    Checking unicode-width v0.2.2
    Checking bit-set v0.10.0
    Checking core-graphics-types v0.1.3
    Checking slotmap v1.1.1
    Checking unicode-ident v1.0.24
    Checking codespan-reporting v0.13.1
    Checking dpi v0.1.2
    Checking tracing v0.1.44
    Checking indexmap v2.14.0
    Checking cursor-icon v1.2.0
    Checking smol_str v0.2.2
    Checking tinyvec_macros v0.1.1
    Checking accesskit v0.24.1
    Checking tinyvec v1.12.0
    Checking num-traits v0.2.19
    Checking core_maths v0.1.1
    Checking memmap2 v0.9.11
    Checking ttf-parser v0.25.1
    Checking zeno v0.3.3
    Checking yazi v0.2.1
    Checking block2 v0.5.1
    Checking unicode-script v0.5.8
    Checking objc2-foundation v0.2.2
    Checking accesskit_consumer v0.38.0
    Checking linebender_resource_handle v0.1.1
    Checking objc2-core-foundation v0.3.2
    Checking block2 v0.6.2
    Checking unicode-segmentation v1.13.3
    Checking smol_str v0.3.6
    Checking unicode-bidi v0.3.18
    Checking sys-locale v0.3.2
    Checking unicode-linebreak v0.1.5
    Checking rangemap v1.7.1
    Checking self_cell v1.2.2
    Checking rustc-hash v2.1.3
    Checking parking v2.2.1
    Checking crossbeam-utils v0.8.22
    Checking slab v0.4.12
    Checking futures-core v0.3.32
    Checking futures-io v0.3.32
    Checking fastrand v2.4.1
    Checking meridian-render-graph v0.1.0 (/Users/brooklyn/meridian/engine/meridian_render_graph)
    Checking pollster v0.4.0
    Checking futures-lite v2.6.1
    Checking spin v0.10.1
    Checking concurrent-queue v2.5.0
    Checking async-task v4.7.1
    Checking crossbeam-queue v0.3.13
    Checking event-listener v5.4.1
   Compiling convert_case v0.10.0
    Checking thread_local v1.1.10
    Checking atomic-waker v1.1.2
    Checking event-listener-strategy v0.5.4
    Checking disqualified v1.0.0
    Checking bumpalo v3.20.3
    Checking async-channel v2.5.0
    Checking bevy_ptr v0.19.0
    Checking nonmax v0.5.5
    Checking fixedbitset v0.5.7
    Checking num-integer v0.1.46
    Checking num-complex v0.4.6
    Checking bevy_platform v0.19.0
    Checking objc2-foundation v0.3.2
    Checking objc2-core-graphics v0.3.2
   Compiling toml_edit v0.25.13+spec-1.1.0
    Checking async-executor v1.14.0
    Checking bevy_utils v0.19.0
    Checking num-bigint v0.4.8
    Checking simd-adler32 v0.3.10
    Checking adler2 v2.0.1
    Checking crc32fast v1.5.0
    Checking approx v0.5.1
    Checking miniz_oxide v0.8.9
    Checking fdeflate v0.3.7
    Checking dispatch2 v0.3.1
    Checking rawpointer v0.2.1
    Checking byteorder v1.5.0
    Checking fontdb v0.23.0
    Checking matrixmultiply v0.3.11
    Checking hash32 v0.3.1
    Checking glam v0.33.2
    Checking flate2 v1.1.9
    Checking num-iter v0.1.46
    Checking typenum v1.20.1
    Checking heapless v0.8.0
    Checking ordered-float v5.3.0
    Checking ena v0.14.4
    Checking png v0.18.1
    Checking downcast-rs v2.0.2
    Checking either v1.16.0
    Checking rstar v0.13.0
    Checking pulldown-cmark v0.13.4
    Checking meridian-basalt v0.1.0 (/Users/brooklyn/meridian/engine/meridian_basalt)
    Checking num-rational v0.4.2
    Checking meridian-isobar v0.1.0 (/Users/brooklyn/meridian/engine/meridian_isobar)
    Checking meridian-audio v0.1.0 (/Users/brooklyn/meridian/engine/meridian_audio)
    Checking meridian-vegetation v0.1.0 (/Users/brooklyn/meridian/engine/meridian_vegetation)
    Checking num v0.4.3
   Compiling synstructure v0.13.2
   Compiling bevy_macro_utils v0.19.0
    Checking fraction v0.15.4
   Compiling bevy_ecs_macro_logic v0.19.0
   Compiling serde_derive v1.0.228
   Compiling bytemuck_derive v1.11.0
   Compiling zerocopy-derive v0.8.54
   Compiling thiserror-impl v2.0.18
   Compiling foreign-types-macros v0.2.3
   Compiling profiling-procmacros v1.0.18
   Compiling derive_more-impl v2.1.1
    Checking objc2-app-kit v0.2.2
    Checking profiling v1.0.18
   Compiling zerofrom-derive v0.1.7
    Checking foreign-types v0.5.0
    Checking objc2-metal v0.3.2
    Checking core-graphics v0.23.2
   Compiling bevy_ecs_macros v0.19.0
   Compiling yoke-derive v0.8.2
    Checking bytemuck v1.25.1
    Checking thiserror v2.0.18
    Checking zerocopy v0.8.54
    Checking naga-types v30.0.0
   Compiling variadics_please v1.1.0
    Checking font-types v0.11.3
    Checking wgpu-types v30.0.0
    Checking read-fonts v0.37.0
    Checking read-fonts v0.39.2
    Checking zerofrom v0.1.8
    Checking yoke v0.8.3
   Compiling zerovec-derive v0.11.3
   Compiling displaydoc v0.2.6
    Checking serde v1.0.228
    Checking derive_more v2.1.1
    Checking bevy_tasks v0.19.0
    Checking zerotrie v0.2.4
    Checking wide v1.5.0
    Checking bevy_ecs v0.19.0
    Checking zerovec v0.11.6
    Checking meridian-core v0.1.0 (/Users/brooklyn/meridian/engine/meridian_core)
    Checking meridian-ui-core v0.1.0 (/Users/brooklyn/meridian/engine/meridian_ui_core)
    Checking meridian-assets v0.1.0 (/Users/brooklyn/meridian/engine/meridian_assets)
    Checking meridian-diagnostics v0.1.0 (/Users/brooklyn/meridian/engine/meridian_diagnostics)
    Checking winit v0.30.13
    Checking objc2-quartz-core v0.3.2
    Checking accesskit_macos v0.26.3
    Checking meridian-tasks v0.1.0 (/Users/brooklyn/meridian/engine/meridian_tasks)
    Checking meridian-save v0.1.0 (/Users/brooklyn/meridian/engine/meridian_save)
    Checking raw-window-metal v1.1.0
    Checking meridian-build v0.1.0 (/Users/brooklyn/meridian/editor/meridian_build)
    Checking meridian-alluvium v0.1.0 (/Users/brooklyn/meridian/engine/meridian_alluvium)
    Checking meridian-world v0.1.0 (/Users/brooklyn/meridian/engine/meridian_world)
    Checking tinystr v0.8.3
    Checking icu_locale_core v2.2.0
    Checking accesskit_winit v0.33.2
    Checking meridian-input v0.1.0 (/Users/brooklyn/meridian/engine/meridian_input)
    Checking potential_utf v0.1.5
    Checking meridian-modeler v0.1.0 (/Users/brooklyn/meridian/engine/meridian_modeler)
    Checking icu_provider v2.2.0
    Checking icu_collections v2.2.0
    Checking half v2.7.1
    Checking meridian-editor-core v0.1.0 (/Users/brooklyn/meridian/editor/meridian_editor_core)
    Checking meridian-asset-tools v0.1.0 (/Users/brooklyn/meridian/editor/meridian_asset_tools)
    Checking objc2-app-kit v0.3.2
    Checking naga v30.0.0
   Compiling ref-cast-impl v1.0.25
    Checking meridian-world-tools v0.1.0 (/Users/brooklyn/meridian/editor/meridian_world_tools)
    Checking icu_properties v2.2.0
    Checking ref-cast v1.0.25
    Checking icu_normalizer v2.2.0
    Checking meridian-ui-semantics v0.1.0 (/Users/brooklyn/meridian/engine/meridian_ui_semantics)
    Checking simba v0.10.0
    Checking skrifa v0.40.0
    Checking harfrust v0.5.2
    Checking meridian-platform v0.1.0 (/Users/brooklyn/meridian/engine/meridian_platform)
    Checking meridian-streaming v0.1.0 (/Users/brooklyn/meridian/engine/meridian_streaming)
    Checking meridian-package v0.1.0 (/Users/brooklyn/meridian/engine/meridian_package)
    Checking skrifa v0.42.1
   Compiling nalgebra-macros v0.3.0
    Checking idna_adapter v1.2.2
    Checking fluent-uri v0.3.2
    Checking ahash v0.8.12
    Checking idna v1.1.0
    Checking email_address v0.2.9
   Compiling num-derive v0.4.2
    Checking referencing v0.33.0
    Checking rfd v0.17.2
    Checking jsonschema v0.33.0
    Checking swash v0.2.9
    Checking meridian-spec v0.1.0 (/Users/brooklyn/meridian/editor/meridian_spec_tools)
    Checking nalgebra v0.35.0
    Checking cosmic-text v0.19.0
    Checking wgpu-naga-bridge v30.0.0
    Checking meridian-shader-tools v0.1.0 (/Users/brooklyn/meridian/editor/meridian_shader_tools)
    Checking wgpu-hal v30.0.0
    Checking meridian-ui-text v0.1.0 (/Users/brooklyn/meridian/engine/meridian_ui_text)
    Checking meridian-ui-render v0.1.0 (/Users/brooklyn/meridian/engine/meridian_ui_render)
    Checking meridian-ui-runtime v0.1.0 (/Users/brooklyn/meridian/engine/meridian_ui_runtime)
    Checking wgpu-core-deps-apple v30.0.0
    Checking wgpu-core v30.0.0
    Checking meridian-ui v0.1.0 (/Users/brooklyn/meridian/engine/meridian_ui)
    Checking meridian-ui-editor v0.1.0 (/Users/brooklyn/meridian/editor/meridian_ui_editor)
    Checking glamx v0.3.0
    Checking parry3d v0.29.0
    Checking wgpu v30.0.0
    Checking rapier3d v0.34.0
    Checking meridian-rhi v0.1.0 (/Users/brooklyn/meridian/engine/meridian_rhi)
    Checking meridian-renderer v0.1.0 (/Users/brooklyn/meridian/engine/meridian_renderer)
    Checking meridian-benchmark v0.1.0 (/Users/brooklyn/meridian/editor/meridian_benchmark)
    Checking meridian-physics v0.1.0 (/Users/brooklyn/meridian/engine/meridian_physics)
    Checking meridian-ecs v0.1.0 (/Users/brooklyn/meridian/engine/meridian_ecs)
    Checking meridian-rt v0.1.0 (/Users/brooklyn/meridian/engine/meridian_rt)
    Checking meridian-editor v0.1.0 (/Users/brooklyn/meridian/editor/meridian_editor)
    Finished `dev` profile [unoptimized + debuginfo] target(s) in 1m 50s
